Connecting to database
 - rebuilding tables

Medicinal Ingredient Data
 - reading from LNHPD API (page by page)
 - loaded pages 1 to 100 of 7926, (9354 records added, 646 skipped)
 - loaded pages 101 to 200 of 7926, (9398 records added, 602 skipped)
 - loaded pages 201 to 300 of 7926, (9391 records added, 609 skipped)
 - loaded pages 301 to 400 of 7926, (9331 records added, 669 skipped)
 - loaded pages 401 to 500 of 7926, (9324 records added, 676 skipped)
 - loaded pages 501 to 600 of 7926, (9336 records added, 664 skipped)
 - loaded pages 601 to 700 of 7926, (9326 records added, 674 skipped)
 - loaded pages 701 to 800 of 7926, (9350 records added, 650 skipped)
 - loaded pages 801 to 900 of 7926, (9293 records added, 707 skipped)
 - loaded pages 901 to 1000 of 7926, (9381 records added, 619 skipped)
 - loaded pages 1001 to 1100 of 7926, (9362 records added, 638 skipped)
 - loaded pages 1101 to 1200 of 7926, (9277 records added, 723 skipped)
 - loaded pages 1201 to 1300 of 7926, (9341 records added, 659 skipped)
 - loaded pages 1301 to 1400 of 7926, (9350 records added, 650 skipped)
 - loaded pages 1401 to 1500 of 7926, (9351 records added, 649 skipped)
 - loaded pages 1501 to 1600 of 7926, (9364 records added, 636 skipped)
 - loaded pages 1601 to 1700 of 7926, (9356 records added, 644 skipped)
 - loaded pages 1701 to 1800 of 7926, (9387 records added, 613 skipped)
 - loaded pages 1801 to 1900 of 7926, (9328 records added, 672 skipped)
 - loaded pages 1901 to 2000 of 7926, (9286 records added, 714 skipped)
 - loaded pages 2001 to 2100 of 7926, (9329 records added, 671 skipped)
 - loaded pages 2101 to 2200 of 7926, (9423 records added, 577 skipped)
 - loaded pages 2201 to 2300 of 7926, (9333 records added, 667 skipped)
 - loaded pages 2301 to 2400 of 7926, (9309 records added, 691 skipped)
 - loaded pages 2401 to 2500 of 7926, (9292 records added, 708 skipped)
 - loaded pages 2501 to 2600 of 7926, (9838 records added, 162 skipped)
 - loaded pages 2601 to 2700 of 7926, (9954 records added, 46 skipped)
 - loaded pages 2701 to 2800 of 7926, (9916 records added, 84 skipped)
 - loaded pages 2801 to 2900 of 7926, (9373 records added, 627 skipped)
 - loaded pages 2901 to 3000 of 7926, (9714 records added, 286 skipped)
 - loaded pages 3001 to 3100 of 7926, (9764 records added, 236 skipped)
 - loaded pages 3101 to 3200 of 7926, (9723 records added, 277 skipped)
 - loaded pages 3201 to 3300 of 7926, (9523 records added, 477 skipped)
 - loaded pages 3301 to 3400 of 7926, (9894 records added, 106 skipped)
 - loaded pages 3401 to 3500 of 7926, (9868 records added, 132 skipped)
 - loaded pages 3501 to 3600 of 7926, (9826 records added, 174 skipped)
 - loaded pages 3601 to 3700 of 7926, (9604 records added, 396 skipped)
 - loaded pages 3701 to 3800 of 7926, (9590 records added, 410 skipped)
 - loaded pages 3801 to 3900 of 7926, (9476 records added, 524 skipped)
 - loaded pages 3901 to 4000 of 7926, (9786 records added, 214 skipped)
 - loaded pages 4001 to 4100 of 7926, (9557 records added, 443 skipped)
 - loaded pages 4101 to 4200 of 7926, (9716 records added, 284 skipped)
 - loaded pages 4201 to 4300 of 7926, (9620 records added, 380 skipped)
 - loaded pages 4301 to 4400 of 7926, (9464 records added, 536 skipped)
 - loaded pages 4401 to 4500 of 7926, (9410 records added, 590 skipped)
 - loaded pages 4501 to 4600 of 7926, (9454 records added, 546 skipped)
 - loaded pages 4601 to 4700 of 7926, (9147 records added, 853 skipped)
 - loaded pages 4701 to 4800 of 7926, (9245 records added, 755 skipped)
 - loaded pages 4801 to 4900 of 7926, (9365 records added, 635 skipped)
 - loaded pages 4901 to 5000 of 7926, (9095 records added, 905 skipped)
 - loaded pages 5001 to 5100 of 7926, (9156 records added, 844 skipped)
 - loaded pages 5101 to 5200 of 7926, (8713 records added, 1287 skipped)
 - loaded pages 5201 to 5300 of 7926, (9118 records added, 882 skipped)
 - loaded pages 5301 to 5400 of 7926, (8245 records added, 1755 skipped)
 - loaded pages 5401 to 5500 of 7926, (8094 records added, 1906 skipped)
 - loaded pages 5501 to 5600 of 7926, (5955 records added, 4045 skipped)
 - loaded pages 5601 to 5700 of 7926, (7353 records added, 2647 skipped)
 - loaded pages 5701 to 5800 of 7926, (7421 records added, 2579 skipped)
 - loaded pages 5801 to 5900 of 7926, (6552 records added, 3448 skipped)
 - loaded pages 5901 to 6000 of 7926, (7325 records added, 2675 skipped)
 - loaded pages 6001 to 6100 of 7926, (8297 records added, 1703 skipped)
 - loaded pages 6101 to 6200 of 7926, (7565 records added, 2435 skipped)
 - loaded pages 6201 to 6300 of 7926, (8167 records added, 1833 skipped)
 - loaded pages 6301 to 6400 of 7926, (9997 records added, 3 skipped)
 - loaded pages 6401 to 6500 of 7926, (9962 records added, 38 skipped)
 - loaded pages 6501 to 6600 of 7926, (9990 records added, 10 skipped)
 - loaded pages 6601 to 6700 of 7926, (9958 records added, 42 skipped)
 - loaded pages 6701 to 6800 of 7926, (10000 records added, 0 skipped)
 - loaded pages 6801 to 6900 of 7926, (9958 records added, 42 skipped)
 - loaded pages 6901 to 7000 of 7926, (9997 records added, 3 skipped)
 - loaded pages 7001 to 7100 of 7926, (9998 records added, 2 skipped)
 - loaded pages 7101 to 7200 of 7926, (9975 records added, 25 skipped)
 - loaded pages 7201 to 7300 of 7926, (9996 records added, 4 skipped)
 - loaded pages 7301 to 7400 of 7926, (9995 records added, 5 skipped)
 - loaded pages 7401 to 7500 of 7926, (9934 records added, 66 skipped)
 - loaded pages 7501 to 7600 of 7926, (9968 records added, 32 skipped)
 - loaded pages 7601 to 7700 of 7926, (9750 records added, 250 skipped)
 - loaded pages 7701 to 7800 of 7926, (9381 records added, 619 skipped)
 - loaded pages 7801 to 7900 of 7926, (9345 records added, 655 skipped)

Disconnecting from database
